// Jest Snapshot v1, https://goo.gl/fbAQLP

exports[`Button Should match snapshot 1`] = `
<DocumentFragment>
  .emotion-0 {
  position: relative;
  -webkit-align-items: center;
  -webkit-box-align: center;
  -ms-flex-align: center;
  align-items: center;
  -webkit-box-pack: center;
  -webkit-justify-content: center;
  -ms-flex-pack: center;
  justify-content: center;
  line-height: 1.5;
  -webkit-text-decoration: none;
  text-decoration: none;
  -webkit-transition-property: background-color,border-color,color,fill,stroke,opacity,box-shadow,-webkit-transform;
  -webkit-transition-property: background-color,border-color,color,fill,stroke,opacity,box-shadow,transform;
  transition-property: background-color,border-color,color,fill,stroke,opacity,box-shadow,transform;
  -webkit-transition-duration: 150ms;
  transition-duration: 150ms;
  -webkit-transition-timing-function: cubic-bezier(0.4,0,0.2,1);
  transition-timing-function: cubic-bezier(0.4,0,0.2,1);
  border-width: 1px;
  border-color: transparent;
  border-style: solid;
  cursor: pointer;
  font-family: inherit;
  font-weight: 500;
  border-radius: 0.375rem;
  -webkit-user-select: none;
  -moz-user-select: none;
  -ms-user-select: none;
  user-select: none;
  display: -webkit-inline-box;
  display: -webkit-inline-flex;
  display: -ms-inline-flexbox;
  display: inline-flex;
  font-size: 1rem;
  padding-left: 1rem;
  padding-right: 1rem;
  padding-top: 0.5rem;
  padding-bottom: 0.5rem;
  --text-opacity: 1;
  color: rgba(107,114,128,var(--text-opacity));
  --bg-opacity: 1;
  background-color: rgba(255,255,255,var(--bg-opacity));
  --border-opacity: 1;
  border-color: rgba(229,231,235,var(--border-opacity));
  box-shadow: 0 1px 2px 0 rgba(0,0,0,0.05);
}

.emotion-0:focus {
  outline: 2px solid transparent;
  outline-offset: 2px;
}

.emotion-0:hover {
  --bg-opacity: 1;
  background-color: rgba(244,245,247,var(--bg-opacity));
}

<button
    class=" emotion-0"
    type="button"
  >
    test
  </button>
</DocumentFragment>
`;
